---
namespace: Input
expectation: Pass
outputs:
  - sections:
      - name: main
        definitions:
          - mode: Public
            type_: Boolean
            name: "{\"name\":\"a\",\"span\":\"{\\\"lo\\\":16,\\\"hi\\\":17}\"}"
            value:
              Value:
                Boolean:
                  - "true"
                  - span:
                      lo: 27
                      hi: 31
            span:
              lo: 19
              hi: 23
          - mode: Public
            type_:
              IntegerType: U8
            name: "{\"name\":\"b\",\"span\":\"{\\\"lo\\\":57,\\\"hi\\\":58}\"}"
            value:
              Value:
                Implicit:
                  - "2"
                  - span:
                      lo: 68
                      hi: 69
            span:
              lo: 60
              hi: 62
          - mode: Public
            type_: Field
            name: "{\"name\":\"c\",\"span\":\"{\\\"lo\\\":98,\\\"hi\\\":99}\"}"
            value:
              Value:
                Implicit:
                  - "0"
                  - span:
                      lo: 109
                      hi: 110
            span:
              lo: 101
              hi: 106
          - mode: Public
            type_: Group
            name: "{\"name\":\"d\",\"span\":\"{\\\"lo\\\":139,\\\"hi\\\":140}\"}"
            value:
              Value:
                Group:
                  Tuple:
                    x:
                      Number:
                        - "0"
                        - span:
                            lo: 151
                            hi: 152
                    y:
                      Number:
                        - "1"
                        - span:
                            lo: 154
                            hi: 155
                    span:
                      lo: 150
                      hi: 161
            span:
              lo: 142
              hi: 147
          - mode: Public
            type_: Address
            name: "{\"name\":\"e\",\"span\":\"{\\\"lo\\\":180,\\\"hi\\\":181}\"}"
            value:
              Value:
                Address:
                  - aleo1qnr4dkkvkgfqph0vzc3y6z2eu975wnpz2925ntjccd5cfqxtyu8sta57j8
                  - span:
                      lo: 193
                      hi: 256
            span:
              lo: 183
              hi: 190
          - mode: Public
            type_:
              IntegerType: I8
            name: "{\"name\":\"f\",\"span\":\"{\\\"lo\\\":265,\\\"hi\\\":266}\"}"
            value:
              Unary:
                inner:
                  Value:
                    Implicit:
                      - "2"
                      - span:
                          lo: 277
                          hi: 278
                op: Negate
                span:
                  lo: 276
                  hi: 278
            span:
              lo: 268
              hi: 270
        span:
          lo: 3
          hi: 7
      - name: registers
        definitions:
          - mode: Private
            type_: Boolean
            name: "{\"name\":\"r0\",\"span\":\"{\\\"lo\\\":293,\\\"hi\\\":295}\"}"
            value:
              Value:
                Boolean:
                  - "true"
                  - span:
                      lo: 305
                      hi: 309
            span:
              lo: 297
              hi: 301
          - mode: Private
            type_:
              IntegerType: U8
            name: "{\"name\":\"r1\",\"span\":\"{\\\"lo\\\":328,\\\"hi\\\":330}\"}"
            value:
              Value:
                Implicit:
                  - "2"
                  - span:
                      lo: 340
                      hi: 341
            span:
              lo: 332
              hi: 334
          - mode: Private
            type_: Field
            name: "{\"name\":\"r2\",\"span\":\"{\\\"lo\\\":363,\\\"hi\\\":365}\"}"
            value:
              Value:
                Implicit:
                  - "0"
                  - span:
                      lo: 375
                      hi: 376
            span:
              lo: 367
              hi: 372
          - mode: Private
            type_: Group
            name: "{\"name\":\"r3\",\"span\":\"{\\\"lo\\\":398,\\\"hi\\\":400}\"}"
            value:
              Value:
                Group:
                  Tuple:
                    x:
                      Number:
                        - "0"
                        - span:
                            lo: 411
                            hi: 412
                    y:
                      Number:
                        - "1"
                        - span:
                            lo: 414
                            hi: 415
                    span:
                      lo: 410
                      hi: 421
            span:
              lo: 402
              hi: 407
          - mode: Private
            type_: Address
            name: "{\"name\":\"r4\",\"span\":\"{\\\"lo\\\":433,\\\"hi\\\":435}\"}"
            value:
              Value:
                Address:
                  - aleo1qnr4dkkvkgfqph0vzc3y6z2eu975wnpz2925ntjccd5cfqxtyu8sta57j8
                  - span:
                      lo: 447
                      hi: 510
            span:
              lo: 437
              hi: 444
          - mode: Private
            type_:
              IntegerType: I8
            name: "{\"name\":\"r4\",\"span\":\"{\\\"lo\\\":512,\\\"hi\\\":514}\"}"
            value:
              Unary:
                inner:
                  Value:
                    Implicit:
                      - "1"
                      - span:
                          lo: 522
                          hi: 523
                op: Negate
                span:
                  lo: 521
                  hi: 523
            span:
              lo: 516
              hi: 518
        span:
          lo: 282
          hi: 291
