---
namespace: Compile
expectation: Pass
outputs:
  - circuit:
      num_public_variables: 0
      num_private_variables: 6
      num_constraints: 6
      at: 99967e4032e270c3cc179adfd6ebe63260d7384898dc8f4049750e805a580bf6
      bt: e0b9d6b777674bcb3a83d487847a861ef22195c794a66ae796728d406623a933
      ct: 42dfac82945af84791965d1a9d4e283d05b3eb90019983ac199ea04f4e476118
    output:
      - input_file: input/basic.in
        output:
          registers:
            b:
              type: bool
              value: "true"
    initial_ast: ff1e35d58ed8349b08da2313364a055ec889138dea77c6b2c8664ed0fc84f800
    ir: caa8813474be4437124b83d9a8371b1e22364cf8256d5d006259611d9e7ce9e2
    imports_resolved_ast: 78f86fea607adb091f9b22ec36c782d4cb14f154eabf071b891913297c924685
    canonicalized_ast: 78f86fea607adb091f9b22ec36c782d4cb14f154eabf071b891913297c924685
    type_inferenced_ast: 9f9b4765dceefde9eb87fe730c00823075c36bccdb36e8d9d8e60949d80505d1
