---
namespace: Compile
expectation: Pass
outputs:
  - output: []
    initial_ast: 2aeb88ea26246b237791d83def7612c3916508e719827d2a6a499e8642f482aa
