---
namespace: Compile
expectation: Pass
outputs:
  - circuit:
      num_public_variables: 0
      num_private_variables: 113
      num_constraints: 129
      at: be130f168a74eee3a84d691483e18bb502f9ea108babca54e87cffa327a33a50
      bt: 8336592f28d013d9a969a0a7320a1bb5421e930a71fbd5b2ade9cf9191b4b1c0
      ct: 2c83085a67ced9156bd6a40f7b888ef5aa8b4c7dde22d0bbf273f197c90fa22f
    output:
      - input_file: u16_t.in
        output:
          registers:
            r0:
              type: bool
              value: "true"
      - input_file: u16_f.in
        output:
          registers:
            r0:
              type: bool
              value: "true"
    initial_ast: 6e6817cfe7d95596684dbe4732bf82a94eb2b0682492238e2324797bef92809c
    ir: b2fad9917ada6275bf5a54e003569a3919ac665ce7168637b61d759a6a907c6e
    imports_resolved_ast: cb2b994fdecd9645ca94b5222e095ea59b329ce6f43801cb084c8c64fdaea18b
    canonicalized_ast: cb2b994fdecd9645ca94b5222e095ea59b329ce6f43801cb084c8c64fdaea18b
    type_inferenced_ast: 003f3cdd2b90ad3e42f77377639164f74c23c39a1516ba9ea301e940b11d31b2
