---
namespace: Compile
expectation: Pass
outputs:
  - circuit:
      num_public_variables: 0
      num_private_variables: 50432
      num_constraints: 66945
      at: 4636947cb24072f3a4963d222f4f53cfa9e23b69b2bda5cfde2d7e077b53993a
      bt: f97bd7959dcdb5ba25f65126b1a0551ef894ff042aa746492a979fd787d8e073
      ct: 6874f0d801785146e6deb0896481ec70d78e07eac220810f49f343fa7131e2de
    output:
      - input_file: mul.in
        output:
          registers:
            r0:
              type: bool
              value: "false"
    initial_ast: 4cb1c816805b3d54c7a8d57ccabc8fdcea532e6a05516d5830b16459405ba30e
    ir: 659aabf93570c005670ad00696ae293a681e1b1c99aa42cae8a41ff2280d7333
    imports_resolved_ast: 2314cd09e2a4f81bc8d1f980b1b2ec63acd79fc88fd31a2a8dfeb240d2cf0e01
    canonicalized_ast: 2314cd09e2a4f81bc8d1f980b1b2ec63acd79fc88fd31a2a8dfeb240d2cf0e01
    type_inferenced_ast: c6222071bb8821313d38eb2b577457456367c6ced644d4bb58a325b7dcdeaa52
