---
namespace: Compile
expectation: Pass
outputs:
  - circuit:
      num_public_variables: 0
      num_private_variables: 4
      num_constraints: 4
      at: ba65c8c85d676559099b1e0b0b0409fc2af441050591ecbbdd00319fd879f941
      bt: 89fc68aab179f6cf1f33e0e9313f7d7e73fcb89048e3bc03c14705b1686ae2bb
      ct: 210e130878aabaf46f1fe72749a263f9eb71c6a262b80f13882ed08d472c0ecd
    output:
      - input_file: inputs/true_true.in
        output:
          registers:
            b:
              type: bool
              value: "true"
            c:
              type: bool
              value: "false"
    initial_ast: 76aca52645d86601c71a6cb7848f1b664acca30b7101b93a1c719dd9f69fb3c8
    ir: 9ce7ca4aa43edbcfd0dfac5fb33bcdd2666fafc0aa0138f5b02f3e522039bc23
    imports_resolved_ast: f8cc54ba8c3f86460fb209a21470173c74a941d88ea253330d7d693b5d0d3fac
    canonicalized_ast: f8cc54ba8c3f86460fb209a21470173c74a941d88ea253330d7d693b5d0d3fac
    type_inferenced_ast: 504eb10da7a646062f22004a9385c777f5e8150dcafcf9a8e58003c95b93109d
