---
namespace: Compile
expectation: Pass
outputs:
  - circuit:
      num_public_variables: 0
      num_private_variables: 1151
      num_constraints: 1439
      at: 829afe74a66d2cc4974bc687a4922ec181cd49bf6bf7bd32232cc46549f9f714
      bt: b702bfa3245fd3794d4057ae3f012aaeb28341b189bd8d12346e90aa85758193
      ct: 526086cb2e2126ce8d1664ecaf53490ecc1bdebcec932dd653439f30bd5377aa
    output:
      - input_file: i8.in
        output:
          registers:
            r0:
              type: bool
              value: "true"
    initial_ast: 10a8ac18af71741b5d9ed1021c63387b08424d47da5911cebf407857d3e8d76d
    ir: 0316031971d74084f93c6a98e68f5382a4b7ba5181acf7b126d8cc388adb1b8c
    imports_resolved_ast: 8062b48e90dc369da3dac5f70c00f43330e5ece10a37885198502d79371bd96a
    canonicalized_ast: 8062b48e90dc369da3dac5f70c00f43330e5ece10a37885198502d79371bd96a
    type_inferenced_ast: 8cf16cd69a95fe208046b94ae758ceb9ca4fecc2f15056ca195ab95a1672ea8c
