---
namespace: Compile
expectation: Pass
outputs:
  - output:
      - initial_input_ast: 43adaa31f572639c8ac2fc8547f0f3792c051b0c20e1806a11c549431afa749a
        symbol_table: f8a675e1fa5be6255425c9d60c42f17ce72d4bf99e507ab11df201a81c91ffbf
    initial_ast: 1c6bb3907dd5fb8bcae84727f0949c77ae76e8abd14e184f66fdcfbd929d3521
