---
namespace: Compile
expectation: Pass
outputs:
  - circuit:
      num_public_variables: 0
      num_private_variables: 224
      num_constraints: 224
      at: ccf19b025615a81b1f19967fd069c140849429e932a38b245cda98b9acea2191
      bt: 57f1871a8d1ff309df7590b6b67374f185bb1b17d18e0bad3d75c9f537675e70
      ct: b92d53399a71512b25b4ee9f35327fe8a8e658b444fcf397b0d8cd6790448ff5
    output:
      - input_file: input/main_multi_dimension_array.in
        output:
          registers:
            r0:
              type: bool
              value: "true"
    initial_ast: 21969ca778cce94e228736dca8b005ca8eb31df5ac699a0a3782c471145e801a
    ir: fe68b344b50b6914a1426946a39a5284b0a23655f32de5e55c0862f0c15f1de9
    imports_resolved_ast: d8de5f1162a08188640daa9fd0039666629e5d577e44eac6156c7d74010ce593
    canonicalized_ast: e76171ee5bcc903c3f29d710c2b9718184e41754e5a1dcdd7ed9d68b47fe1bce
    type_inferenced_ast: 86f5edfb35e82d2928c02ffc2470f8021d0880e4d9d7ac8e8163c5823ca65bbf
