---
namespace: Compile
expectation: Pass
outputs:
  - circuit:
      num_public_variables: 0
      num_private_variables: 2
      num_constraints: 2
      at: 401937c524c61a28b4fab76d7a1f85bb628850012af62362a0922610372faf92
      bt: cdf9a9cee4f2edf55111a95ae60bde9801080f6bde638a5c79273a39a2f9f7f5
      ct: 643d5437104296e21d906ecb15b2c96ad278f20cfc4af53b12bb6069bd853726
    output:
      - input_file: input/dummy.in
        output:
          registers:
            r0:
              type: bool
              value: "true"
    initial_ast: 8b99f2b5ae2fa4ee4fdc5adfb77b723885ecbe207fe99843ee8af6853e7dbc98
    ir: 95264b12ccecf9e5ba8e27ff591287a78c453dbe68744bfa26607c4d50e0806b
    imports_resolved_ast: 4ce625cded493ae81e60ae21ae89449d0f649f8450385756444d17769fcf1a7d
    canonicalized_ast: 01e617c184b329515fe4a67a9c9154a5719ecfcbd96a2b9efd5124877a95c08d
    type_inferenced_ast: ff3cc6d200e8a899597f8dd7dd649fb4286741c1d679659aa74b0e43171a266e
