---
namespace: Compile
expectation: Fail
outputs:
  - "Error [ECMP0376019]: number of input registers must be greater than or equal to output registers\n    --> :0:0\n     |\n     |"
