---
namespace: Compile
expectation: Pass
outputs:
  - output:
      - initial_input_ast: 4a7171bfd4cb5b69729e26e4c6b0915f261d3f51b2937d8de5009069f56abfc1
        symbol_table: fe836874629cdc86427a1048352c6e75e7a2981ee5c9819df0fd946eb79d4d8b
    initial_ast: bb6395564800175de74376dcd4855ef66b6c364dadbd710883a4da14986c6b96
