---
namespace: Parse
expectation: Pass
outputs:
  - name: ""
    expected_input: []
    functions:
      "{\"name\":\"x\",\"span\":\"{\\\"lo\\\":17,\\\"hi\\\":18}\"}":
        identifier: "{\"name\":\"x\",\"span\":\"{\\\"lo\\\":17,\\\"hi\\\":18}\"}"
        input: []
        const_: true
        output: ~
        core_mapping: ~
        block:
          statements:
            - Return:
                expression:
                  Value:
                    Implicit:
                      - "0"
                      - span:
                          lo: 34
                          hi: 35
                span:
                  lo: 27
                  hi: 35
          span:
            lo: 21
            hi: 38
        span:
          lo: 8
          hi: 38
