---
namespace: Compile
expectation: Pass
outputs:
  - circuit:
      num_public_variables: 0
      num_private_variables: 2
      num_constraints: 2
      at: 401937c524c61a28b4fab76d7a1f85bb628850012af62362a0922610372faf92
      bt: cdf9a9cee4f2edf55111a95ae60bde9801080f6bde638a5c79273a39a2f9f7f5
      ct: 643d5437104296e21d906ecb15b2c96ad278f20cfc4af53b12bb6069bd853726
    output:
      - input_file: input/dummy.in
        output:
          registers:
            r0:
              type: bool
              value: "true"
    initial_ast: b0339abb862d89fc1ed0adb752e4f102879d55c568acbb8a3bf13b5099e9a572
    ir: e63f09455fb730dfcc4ff50c2e18dc06690ea2bcda3d72fd342f06f0bb516f52
    imports_resolved_ast: fcf7c42e5a76d366b3276700c73d6cb2466b2f33d6f55697781edf6b5f1d8ea5
    canonicalized_ast: fcf7c42e5a76d366b3276700c73d6cb2466b2f33d6f55697781edf6b5f1d8ea5
    type_inferenced_ast: 64dbb5ecba1ea103b7afbea6108aaa1af68cbc8f367e63be57c02ae4e46bec73
