---
namespace: Compile
expectation: Pass
outputs:
  - circuit:
      num_public_variables: 0
      num_private_variables: 56
      num_constraints: 52
      at: 8dba074d66957c4cc6143f598a9463c02febcc67ed6d82571938268e705af1d2
      bt: 48356c8204a0f024389488c2d88c354d785d6e0033cf1a4e6027530d8eb5cb31
      ct: 6451adda7a84a3e18072e60d256f36845869ba0f02fac3cbf9a313df27433bef
    output:
      - input_file: inputs/string.in
        output:
          registers:
            out:
              type: bool
              value: "true"
      - input_file: inputs/weird.in
        output:
          registers:
            out:
              type: bool
              value: "true"
    initial_ast: 027ebed226840c544907254bf805e2ff94fd0303c9242c72af78632f26e1b33b
    ir: f5c64d180370a22693a5e66f6cbb9d584dd559101917773b66b0787d9ef1c08d
    imports_resolved_ast: 05cfebb520475546320cccf55f2eb7257f68c66a6feac2d3a0173a536924dd77
    canonicalized_ast: e8f065d234b29efc279358c443693952eafb1df32948726713c1a96e127434cb
    type_inferenced_ast: 3a11cac841a4a6a814c3e704edede7d115733a955e8b1ce71118fcce0a21bb15
