---
namespace: Compile
expectation: Pass
outputs:
  - output: []
    initial_ast: a9e0e7ea869e30c47c1be3a3cef63b7e9b4117f39e2da76d1438b01e05459011
