---
namespace: Compile
expectation: Pass
outputs:
  - circuit:
      num_public_variables: 0
      num_private_variables: 1
      num_constraints: 1
      at: 042610d0fd1fe6d6ac112138f8755752f44c7d2a00f1b5960574d6da5cda393f
      bt: e97756698880ab7555a959a5fb5c6b4e15bd64612aa677adbfe2d0bd91f0a83c
      ct: cf1cbb66a638b4860a516671fb74850e6ccf787fe6c4c8d29e9c04efe880bd05
    output:
      - input_file: cond.in
        output:
          registers: {}
      - input_file: cond_2.in
        output:
          registers: {}
    initial_ast: 3cf94c31ba5c1017d5bc41d00ed5aae2c3135008f20dc443266ea5192b5ca953
    ir: 5147d8c1888f56e82ffeea52d456b5e867148aef0a009d0b36be9ef242f675ef
    imports_resolved_ast: c9875204966cbe2741d39788f023fb8ca6be661ceee04e348c6cb3f54000ae65
    canonicalized_ast: 53278815123919cf1dd7bad7662257dcbffbdba9a53253150b150b1a6a27de83
    type_inferenced_ast: b38d7e99143196ce5be0d013bd529f7fb2f65ab1e5d75b7b0ce00d4db95ebed8
