---
namespace: Compile
expectation: Pass
outputs:
  - circuit:
      num_public_variables: 0
      num_private_variables: 2
      num_constraints: 2
      at: 401937c524c61a28b4fab76d7a1f85bb628850012af62362a0922610372faf92
      bt: cdf9a9cee4f2edf55111a95ae60bde9801080f6bde638a5c79273a39a2f9f7f5
      ct: 643d5437104296e21d906ecb15b2c96ad278f20cfc4af53b12bb6069bd853726
    output:
      - input_file: input/dummy.in
        output:
          registers:
            r0:
              type: bool
              value: "true"
        console_output: " INFO 1 true\n"
    initial_ast: 7d5c796777c51a8ada7ee888f2002aef8afc245f2d516ca7f6d7cfc3376d1a2c
    ir: 0e5371cd4873603263a380bcccbf272660f7f91c3daec12b9765abac3da3c6be
    imports_resolved_ast: 78b3c6a9a8f76b90e3f18eaeabf3d1296c0b3edae5508d5910b3b0ef5aade41e
    canonicalized_ast: 78b3c6a9a8f76b90e3f18eaeabf3d1296c0b3edae5508d5910b3b0ef5aade41e
    type_inferenced_ast: fb044977bf5ce95fed8427b2589a5f4c31c0755840b04bc300d2e92a19836cd7
