---
namespace: Compile
expectation: Pass
outputs:
  - circuit:
      num_public_variables: 0
      num_private_variables: 2
      num_constraints: 2
      at: 401937c524c61a28b4fab76d7a1f85bb628850012af62362a0922610372faf92
      bt: cdf9a9cee4f2edf55111a95ae60bde9801080f6bde638a5c79273a39a2f9f7f5
      ct: 643d5437104296e21d906ecb15b2c96ad278f20cfc4af53b12bb6069bd853726
    output:
      - input_file: input/dummy.in
        output:
          registers:
            r0:
              type: bool
              value: "true"
    initial_ast: 37ca51064992ddc4296aa6a87b935ac789a1920a5d77286c6a2c6062d41540d8
    ir: fbfddce3026ecf8e3eaeef0ae1fcad1955e5f5191ba89e3aa747c61136804d4d
    imports_resolved_ast: 3c8d4314dcd14260ef2fd6e18701949d06b173337b513116321418cfb68716a6
    canonicalized_ast: 3c8d4314dcd14260ef2fd6e18701949d06b173337b513116321418cfb68716a6
    type_inferenced_ast: 741503aad392370e3623413f3cdc22cb303026aa4adb9a0fc37a7f9cd03a487c
