---
namespace: Compile
expectation: Pass
outputs:
  - circuit:
      num_public_variables: 0
      num_private_variables: 1851
      num_constraints: 2308
      at: 6a5f8a1c8d41b7e759d1259a686595b6397c4a4b5a8e655f62e637db21ca7909
      bt: 9a02f9052eb091bfced9221fda8900f1a0d1249b30bcc4b9e841d2defc978bc3
      ct: 3300eecdc155247c334e5290e13cf9906b58cbc1c2984cd7d623372f1fbe4e50
    output:
      - input_file: input/index1.in
        output:
          registers:
            r0:
              type: "[u32; 3]"
              value: "[3, 0, 3]"
      - input_file: input/index2.in
        output:
          registers:
            r0:
              type: "[u32; 3]"
              value: "[1, 5, 0]"
    initial_ast: eeb86b2c087ca9833623212ccda533a3005df2d731c659f2bb96928c6faef038
    ir: 92f778a000a3b1880a38a2dc9dd0f301787319309238b08f406e6ab34d6dd28c
    imports_resolved_ast: 05a0fc3a53a1eb9771e4e636da3fa7f4ccc113d22e0bbbcce6186f5735f2f0a2
    canonicalized_ast: 455d14829ad392f575b112685fd68814f308dc378ba5f64b120065045f76f641
    type_inferenced_ast: e5f5e381c520b86eb89e0c93faba69a21dbc04ef52d57a786d5c24ae91ca837b
