---
namespace: Compile
expectation: Pass
outputs:
  - circuit:
      num_public_variables: 0
      num_private_variables: 2
      num_constraints: 2
      at: 401937c524c61a28b4fab76d7a1f85bb628850012af62362a0922610372faf92
      bt: cdf9a9cee4f2edf55111a95ae60bde9801080f6bde638a5c79273a39a2f9f7f5
      ct: 643d5437104296e21d906ecb15b2c96ad278f20cfc4af53b12bb6069bd853726
    output:
      - input_file: input/dummy.in
        output:
          registers:
            r0:
              type: bool
              value: "true"
    initial_ast: 4d94b2e41bfde9391113571391de5fc76a8f4d9bb38714a71c1637afe9d612fc
    ir: 808a6d9ba2c264679534b61de941ef0a58298b2590a49619081cd57c59314988
    imports_resolved_ast: b6c878c50b35c7914af6d27070f4290c3b864f163dd6ac2cc7cf27e11aef7b93
    canonicalized_ast: b6c878c50b35c7914af6d27070f4290c3b864f163dd6ac2cc7cf27e11aef7b93
    type_inferenced_ast: 5b281c31fc60df97c41aa49504e8c0f8b3d0c6febc75b9d689d7b51a6648e14e
