---
namespace: Compile
expectation: Pass
outputs:
  - circuit:
      num_public_variables: 0
      num_private_variables: 224
      num_constraints: 224
      at: ccf19b025615a81b1f19967fd069c140849429e932a38b245cda98b9acea2191
      bt: 57f1871a8d1ff309df7590b6b67374f185bb1b17d18e0bad3d75c9f537675e70
      ct: b92d53399a71512b25b4ee9f35327fe8a8e658b444fcf397b0d8cd6790448ff5
    output:
      - input_file: input/main_multi_dimension_array.in
        output:
          registers:
            r0:
              type: bool
              value: "true"
    initial_ast: 7a0a8853700db7122d4fd2693cd34951e243ba80a5ecbbe615e60f7695ce5a90
    ir: 0bb26b2c60a36795173c85a0bf14d0fb2365e5cdb2057e692de39fa6052af440
    imports_resolved_ast: 5f6e053d7aa453b17209c17437bf37cbba727f6bdf652f4a465e02ff86a6a719
    canonicalized_ast: dcc7c2d1db4f0e0d9a03c1783dc63f2c0dcc8b7e3a9cb3e5eb3df8bc7fc04a6a
    type_inferenced_ast: 6df8b5ac43c67f5fc1f852af9cbf1b0333e17ba40616d4fd0f8d641af1add067
