---
namespace: Compile
expectation: Fail
outputs:
  - "f#0 i#1: `to_bits_le` call not implemented for target `(7810607721416582242904415504650443951498042435501746664987470571546413371306, 1867362672570137759132108893390349941423731440336755218616442213142473202417)group`"
