---
namespace: Compile
expectation: Pass
outputs:
  - circuit:
      num_public_variables: 0
      num_private_variables: 163
      num_constraints: 166
      at: e2f969e491a428da7914fefa9228e607ef3fe626f45b62eae0c5ac5edffad114
      bt: 9023713ed07ce1c28f365db74e84c2d0436a61fb54a365de5a3d79837072efa1
      ct: fe4a6235b72520058f0db4ed71df4d5d1fb6e29f7a51f1c184cc48b73d3cefde
    output:
      - input_file: inputs/u32_3.in
        output:
          registers:
            a:
              type: bool
              value: "true"
    initial_ast: 6ac5b99c9bf9436fa89b941614d7dff98b1924e3bae5ba5688c1295a9438fe15
    ir: 431752f2625236723ce457191e8c24938afcd577e6c29e8f3e31567aeff09847
    imports_resolved_ast: 40bd85864d15e63b706b5ba3811365e833a354e6857dc462957de3ffe16a35fa
    canonicalized_ast: f107728021204ed18f461076951d5d51b5bb2dfdfc428f8d5a2a49e79aa96eed
    type_inferenced_ast: 03b63900c73d91b6b9f959689bc603f40fe6d64294c14bc4599e3217c818cce8
