---
namespace: Compile
expectation: Pass
outputs:
  - circuit:
      num_public_variables: 0
      num_private_variables: 450
      num_constraints: 450
      at: 727a62da382d54ee48e1eaad04438d0ce843428eb0f2f222bc0fdc0c75c73cb7
      bt: 60c00514054cf387d9be2f37b40925239d12da3b27682c82f92b31508c0c2088
      ct: 467faeb4d575ad768525a25623c3a3335253c2a0cf25674723e16e89c4673730
    output:
      - input_file: i64_e.in
        output:
          registers:
            r0:
              type: bool
              value: "true"
      - input_file: i64_g.in
        output:
          registers:
            r0:
              type: bool
              value: "true"
    initial_ast: 3f3d29b9ba2fa50b2a5feeb8cac2cd08140143fce8cc8e2f9f8fe2639a6e02e7
    ir: 63f175e62811f73c06a922dcff419d185a6d9389ae92aa8d36647b9f770ca0b5
    imports_resolved_ast: fc5723a4c11ceb6fa9f6f97c34c8ef48bae64961d2316c987e91c4ef772da5f5
    canonicalized_ast: fc5723a4c11ceb6fa9f6f97c34c8ef48bae64961d2316c987e91c4ef772da5f5
    type_inferenced_ast: eac4d8ae6c6a749a609d9f2780e5635e465df762cf6d0d47fe9aae5c87d3ae02
