---
namespace: Compile
expectation: Pass
outputs:
  - circuit:
      num_public_variables: 0
      num_private_variables: 113
      num_constraints: 114
      at: d322b11389067bfa3de3e1b7f1e3e564382d4ad3771bbf8657e939eed797544b
      bt: 480297d1273d42309369b4c4f27f7076720606e3582c24fabeac3afc8c3af1ea
      ct: 33c8d034b3aea9e88426996ff9c425351f065f3a48377739b7279c8f3ad84e21
    output:
      - input_file: tuple.in
        output:
          registers:
            r0:
              type: "(u8, u8)"
              value: "(1, 2)"
            r1:
              type: u32
              value: "103"
    initial_ast: 1edb048526ed397a97aa28d7ff5ed9b41e193f8a66bb6e1e1b101400de85d054
    ir: bcec0e5c2417558a6f3fb5526f9baaa25055c035a04eac4da444f88502205c0b
    imports_resolved_ast: f1201904531faf71cdb3387b84fedb64fc0032fc35131da18ca83a8fa8b7c9df
    canonicalized_ast: f1201904531faf71cdb3387b84fedb64fc0032fc35131da18ca83a8fa8b7c9df
    type_inferenced_ast: 9bc9c34b36588261180bdc36f4e5da335f22ceca94e1f6eb86ea890256142e0f
